[vertical] run dir: runs-local
Gym has been unmaintained since 2022 and does not support NumPy 2.0 amongst other critical functionality.
Please upgrade to Gymnasium, the maintained drop-in replacement of Gym, or contact the authors of your software and request that they upgrade.
Users of this version of Gym should be able to simply replace 'import gym' with 'import gymnasium as gym' in the vast majority of cases.
See the migration guide at https://gymnasium.farama.org/introduction/migration_guide/ for additional information.
Gym has been unmaintained since 2022 and does not support NumPy 2.0 amongst other critical functionality.
Please upgrade to Gymnasium, the maintained drop-in replacement of Gym, or contact the authors of your software and request that they upgrade.
Users of this version of Gym should be able to simply replace 'import gym' with 'import gymnasium as gym' in the vast majority of cases.
See the migration guide at https://gymnasium.farama.org/introduction/migration_guide/ for additional information.
/home/rehan/workspaces/project-i/execution-pullback/experiment/sanity.py:471: UserWarning: Converting a tensor with requires_grad=True to a scalar may lead to unexpected behavior.
Consider using tensor.detach() first. (Triggered internally at /__w/pytorch/pytorch/torch/csrc/autograd/generated/python_variable_methods.cpp:820.)
  out["uniform_without_metrics_ok"] = float(loss)
sanity {"metric_subset_spread": {"scenes": [20000, 20001, 20002, 20003, 20004, 20005, 20006, 20007], "n": 16}, "warm_provenance": {"warm_start_accepted": true, "unlocked_metric_rejected": true}, "linear_algebra": {"finite_difference_gap": 1.5215562143566785e-10, "quadratic": 0.17000000000000004, "trace": 7.25}, "config_validation": ["teacher_steps=0: invalid configuration test: teacher_steps must b", "teacher_steps=15: invalid configuration test: teacher_steps must b", "execute_steps=0: invalid configuration test: execute_steps must b", "execute_steps=17: invalid configuration test: execute_steps must s", "episode_steps=-1: invalid configuration test: episode_steps must b", "num_probes=0: invalid configuration test: num_probes must be a", "batch_size=127: invalid configuration test: batch_size must be e", "finite_difference_epsilon=0.0: invalid configuration test: finite_difference_ep", "learning_rate=0.0: invalid configuration test: learning_rate must b", "metric_weight=-1: invalid configuration test: metric_weight must b", "validation_metric_contexts=0: invalid configuration test: validation_metric_co", "native_fast_steps=0: invalid configuration test: native_fast_steps mu", "source=gauss: invalid configuration test: source must be gauss", "metric_mode=approx: invalid configuration test: metric_mode must be ", "validation_scene_start overlap rejected", "test_scene_start overlap rejected"], "spearman_ties": {"tie_aware": 0.6666666666666666, "double_argsort": 0.7, "constant_reported_as_nan": true}, "manifest": {"files": 13, "verified": 13, "delivery_risk": ["core.py", "hri_adapter.py", "pilot.py", "diagnose.py"]}, "producer_consumer": {"label_cache_contexts": 6, "splits": {"train": 4, "validation": 2}, "metric_required_rejected": true, "subset": {"train": 4, "validation": 2}, "label_context_keys": ["condition", "midpoint", "noise", "target_end", "target_mid", "teacher_end"], "metric_cache_contexts": 4, "contract_drift_rejected": true, "metric_mode_change_rejected": true}, "reserve_and_completion": {"reserved": true, "completed": true, "incomplete_after_failure": true}, "protocol_and_analysis": {"fresh_lock_verified": true, "missing_artifact_rejected": true, "stale_source_rejected": true, "config_drift_rejected": true, "complete_ok": true, "joint_missing_pair_rejected": true, "non_binary_success_rejected": true, "two_seeds_accepted": [["endpoint", 0], ["endpoint", 1], ["pullback", 0], ["pullback", 1]], "duplicate_run_rejected": true}, "empty_metric_count": {"empty_count_falls_back_to_full_batch": true}, "device_keys": {"cuda_equals_cuda0": true}, "torch_checks": {"linear_composition_max_gap": 0.0, "quadratic_matches_manual": 0.3963330388069153, "exact_trace_matches": true, "sketch_shape": [1, 4, 32], "sketch_trace_ratio": 0.9311275621833757, "prefix_error_rejected": true, "prefix_selection": {"marked_only": 0.0, "all_examples": 5000.0}, "uniform_without_metrics_ok": 0.0, "pullback_without_metric_rejected": true, "nonfinite_gradient_rejected": true}}
[smoke] compute: {"cudnn_disabled": false, "flag": "EXECPB_DISABLE_CUDNN"}
[smoke] cudnn: {"healthy": false, "error": "Traceback (most recent call last):\n  File \"<string>\", line 1, in <module>\n  File \"/home/rehan/workspaces/project-i/execution-pullback/.venv-local/lib/python3.12/site-packages/torch/cuda/__init__.py\", line 584, in _lazy_init\n    raise AssertionError(\"Torch not compiled with CUDA enabled\")\nAssertionError: Torch not compiled with CUDA enabled\n", "recommendation": "set EXECPB_DISABLE_CUDNN=1 to run the experiment with cuDNN disabled"}
[smoke] sources: {"dir": "/home/rehan/workspaces/project-i/execution-pullback/experiment", "source": "no_git", "missing": [], "tracked": [], "untracked": ["core.py", "hri_adapter.py", "pilot.py", "diagnose.py", "analyze.py", "sanity.py", "preflight.py", "lock_protocol.py", "contract.py", "smoke.py", "run_comparison.sh", "vertical_test.sh", "config.json"], "ignored": [], "complete": true, "delivery_risk": ["core.py", "hri_adapter.py", "pilot.py", "diagnose.py", "analyze.py", "sanity.py", "preflight.py", "lock_protocol.py", "contract.py", "smoke.py", "run_comparison.sh", "vertical_test.sh", "config.json"], "note": "no git repository here; ship the explicit manifest and verify it after transfer"}
[smoke] device: cpu
Gym has been unmaintained since 2022 and does not support NumPy 2.0 amongst other critical functionality.
Please upgrade to Gymnasium, the maintained drop-in replacement of Gym, or contact the authors of your software and request that they upgrade.
Users of this version of Gym should be able to simply replace 'import gym' with 'import gymnasium as gym' in the vast majority of cases.
See the migration guide at https://gymnasium.farama.org/introduction/migration_guide/ for additional information.
[smoke] adapter_strict_load: ok
[smoke] device_placement: ok
[smoke] env_reset_and_step: ok
[smoke] teacher_half_map_consistency: ok
[smoke] teacher_suffix_directional_derivative: ok
[smoke] teacher_batch_independence: ok
[smoke] exact_pullback_metric: ok
[smoke] replay_and_image_state_transitions: ok
[smoke] tiny_train_step_all_modes: ok
[smoke] uniform_train_without_metrics: ok
[smoke] source_conventions: ok
[smoke] PASS -> runs-local/smoke_report.json
Gym has been unmaintained since 2022 and does not support NumPy 2.0 amongst other critical functionality.
Please upgrade to Gymnasium, the maintained drop-in replacement of Gym, or contact the authors of your software and request that they upgrade.
Users of this version of Gym should be able to simply replace 'import gym' with 'import gymnasium as gym' in the vast majority of cases.
See the migration guide at https://gymnasium.farama.org/introduction/migration_guide/ for additional information.
wrote cache runs-local/teacher_cache.npz contexts 48 splits {'train': 12, 'validation': 12}
[train] mode uniform: label-only path, no Jacobians, no transported metric, no scale estimation
wrote student runs-local/warm.pt mode uniform
Gym has been unmaintained since 2022 and does not support NumPy 2.0 amongst other critical functionality.
Please upgrade to Gymnasium, the maintained drop-in replacement of Gym, or contact the authors of your software and request that they upgrade.
Users of this version of Gym should be able to simply replace 'import gym' with 'import gymnasium as gym' in the vast majority of cases.
See the migration guide at https://gymnasium.farama.org/introduction/migration_guide/ for additional information.
wrote cache runs-local/shared_cache.npz contexts 48 splits {'train': 12, 'validation': 12}
Gym has been unmaintained since 2022 and does not support NumPy 2.0 amongst other critical functionality.
Please upgrade to Gymnasium, the maintained drop-in replacement of Gym, or contact the authors of your software and request that they upgrade.
Users of this version of Gym should be able to simply replace 'import gym' with 'import gymnasium as gym' in the vast majority of cases.
See the migration guide at https://gymnasium.farama.org/introduction/migration_guide/ for additional information.
[metrics] selected 4 train + 0 validation contexts of 48 (metric_mode=exact); one repeated-branch determinism check per context
[metrics] first context took 6.22s; projected 0.4 min for 4 contexts
wrote metrics runs-local/profile_metrics.npz contexts 4
Gym has been unmaintained since 2022 and does not support NumPy 2.0 amongst other critical functionality.
Please upgrade to Gymnasium, the maintained drop-in replacement of Gym, or contact the authors of your software and request that they upgrade.
Users of this version of Gym should be able to simply replace 'import gym' with 'import gymnasium as gym' in the vast majority of cases.
See the migration guide at https://gymnasium.farama.org/introduction/migration_guide/ for additional information.
[metrics] selected 24 train + 24 validation contexts of 48 (metric_mode=exact); one repeated-branch determinism check per context
[metrics] first context took 4.95s; projected 4.0 min for 48 contexts
[metrics] 25/48 elapsed 2.8 min projected 5.4 min
wrote metrics runs-local/shared_metrics.npz contexts 48
Gym has been unmaintained since 2022 and does not support NumPy 2.0 amongst other critical functionality.
Please upgrade to Gymnasium, the maintained drop-in replacement of Gym, or contact the authors of your software and request that they upgrade.
Users of this version of Gym should be able to simply replace 'import gym' with 'import gymnasium as gym' in the vast majority of cases.
See the migration guide at https://gymnasium.farama.org/introduction/migration_guide/ for additional information.
wrote diagnostic runs-local/geometry.json
Gym has been unmaintained since 2022 and does not support NumPy 2.0 amongst other critical functionality.
Please upgrade to Gymnasium, the maintained drop-in replacement of Gym, or contact the authors of your software and request that they upgrade.
Users of this version of Gym should be able to simply replace 'import gym' with 'import gymnasium as gym' in the vast majority of cases.
See the migration guide at https://gymnasium.farama.org/introduction/migration_guide/ for additional information.
locked protocol runs-local/protocol_locked.json id 154b82f5f44024d0d14cb6b1482879dd
Gym has been unmaintained since 2022 and does not support NumPy 2.0 amongst other critical functionality.
Please upgrade to Gymnasium, the maintained drop-in replacement of Gym, or contact the authors of your software and request that they upgrade.
Users of this version of Gym should be able to simply replace 'import gym' with 'import gymnasium as gym' in the vast majority of cases.
See the migration guide at https://gymnasium.farama.org/introduction/migration_guide/ for additional information.
[train] mode uniform: label-only path, no Jacobians, no transported metric, no scale estimation
wrote student runs-local/student_uniform_seed0.pt mode uniform
Gym has been unmaintained since 2022 and does not support NumPy 2.0 amongst other critical functionality.
Please upgrade to Gymnasium, the maintained drop-in replacement of Gym, or contact the authors of your software and request that they upgrade.
Users of this version of Gym should be able to simply replace 'import gym' with 'import gymnasium as gym' in the vast majority of cases.
See the migration guide at https://gymnasium.farama.org/introduction/migration_guide/ for additional information.
[eval] device=cpu source=gaussian steps=16 split=test episodes=2 intrinsic_mode=uniform warmup_episodes=1 clip=False
wrote eval runs-local/final_uniform_seed0.jsonl
Gym has been unmaintained since 2022 and does not support NumPy 2.0 amongst other critical functionality.
Please upgrade to Gymnasium, the maintained drop-in replacement of Gym, or contact the authors of your software and request that they upgrade.
Users of this version of Gym should be able to simply replace 'import gym' with 'import gymnasium as gym' in the vast majority of cases.
See the migration guide at https://gymnasium.farama.org/introduction/migration_guide/ for additional information.
[train] scales {"endpoint": 0.4951890707015991, "identity": 0.29283571243286133, "pullback": 0.29283571243286133} stats {"metric_mode": "exact", "zero_sensitivity_fraction": 0.7916666865348816, "n_positive_transported": 5, "support": {"endpoint": 5, "identity": 11, "pullback": 11}, "low_support": ["endpoint"], "n_rows": 24, "endpoint_median": 0.4951890707015991, "identity_median": 0.29283571243286133, "pullback_median": 0.29283571243286133}
[train] WARNING: thin sensitivity support for scales ["endpoint"] with support {"endpoint": 5, "identity": 11, "pullback": 11}; the corresponding comparison rests on few contexts
wrote student runs-local/student_pullback_seed0.pt mode pullback
Gym has been unmaintained since 2022 and does not support NumPy 2.0 amongst other critical functionality.
Please upgrade to Gymnasium, the maintained drop-in replacement of Gym, or contact the authors of your software and request that they upgrade.
Users of this version of Gym should be able to simply replace 'import gym' with 'import gymnasium as gym' in the vast majority of cases.
See the migration guide at https://gymnasium.farama.org/introduction/migration_guide/ for additional information.
[eval] device=cpu source=gaussian steps=16 split=test episodes=2 intrinsic_mode=pullback warmup_episodes=1 clip=False
wrote eval runs-local/final_pullback_seed0.jsonl
Gym has been unmaintained since 2022 and does not support NumPy 2.0 amongst other critical functionality.
Please upgrade to Gymnasium, the maintained drop-in replacement of Gym, or contact the authors of your software and request that they upgrade.
Users of this version of Gym should be able to simply replace 'import gym' with 'import gymnasium as gym' in the vast majority of cases.
See the migration guide at https://gymnasium.farama.org/introduction/migration_guide/ for additional information.
[train] mode uniform: label-only path, no Jacobians, no transported metric, no scale estimation
wrote student runs-local/student_uniform_seed1.pt mode uniform
Gym has been unmaintained since 2022 and does not support NumPy 2.0 amongst other critical functionality.
Please upgrade to Gymnasium, the maintained drop-in replacement of Gym, or contact the authors of your software and request that they upgrade.
Users of this version of Gym should be able to simply replace 'import gym' with 'import gymnasium as gym' in the vast majority of cases.
See the migration guide at https://gymnasium.farama.org/introduction/migration_guide/ for additional information.
[eval] device=cpu source=gaussian steps=16 split=test episodes=2 intrinsic_mode=uniform warmup_episodes=1 clip=False
wrote eval runs-local/final_uniform_seed1.jsonl
Gym has been unmaintained since 2022 and does not support NumPy 2.0 amongst other critical functionality.
Please upgrade to Gymnasium, the maintained drop-in replacement of Gym, or contact the authors of your software and request that they upgrade.
Users of this version of Gym should be able to simply replace 'import gym' with 'import gymnasium as gym' in the vast majority of cases.
See the migration guide at https://gymnasium.farama.org/introduction/migration_guide/ for additional information.
[train] scales {"endpoint": 0.4951890707015991, "identity": 0.29283571243286133, "pullback": 0.29283571243286133} stats {"metric_mode": "exact", "zero_sensitivity_fraction": 0.7916666865348816, "n_positive_transported": 5, "support": {"endpoint": 5, "identity": 11, "pullback": 11}, "low_support": ["endpoint"], "n_rows": 24, "endpoint_median": 0.4951890707015991, "identity_median": 0.29283571243286133, "pullback_median": 0.29283571243286133}
[train] WARNING: thin sensitivity support for scales ["endpoint"] with support {"endpoint": 5, "identity": 11, "pullback": 11}; the corresponding comparison rests on few contexts
wrote student runs-local/student_pullback_seed1.pt mode pullback
Gym has been unmaintained since 2022 and does not support NumPy 2.0 amongst other critical functionality.
Please upgrade to Gymnasium, the maintained drop-in replacement of Gym, or contact the authors of your software and request that they upgrade.
Users of this version of Gym should be able to simply replace 'import gym' with 'import gymnasium as gym' in the vast majority of cases.
See the migration guide at https://gymnasium.farama.org/introduction/migration_guide/ for additional information.
[eval] device=cpu source=gaussian steps=16 split=test episodes=2 intrinsic_mode=pullback warmup_episodes=1 clip=False
wrote eval runs-local/final_pullback_seed1.jsonl
Gym has been unmaintained since 2022 and does not support NumPy 2.0 amongst other critical functionality.
Please upgrade to Gymnasium, the maintained drop-in replacement of Gym, or contact the authors of your software and request that they upgrade.
Users of this version of Gym should be able to simply replace 'import gym' with 'import gymnasium as gym' in the vast majority of cases.
See the migration guide at https://gymnasium.farama.org/introduction/migration_guide/ for additional information.
Traceback (most recent call last):
  File "/home/rehan/workspaces/project-i/execution-pullback/experiment/analyze.py", line 136, in <module>
    raise SystemExit(main())
                     ^^^^^^
  File "/home/rehan/workspaces/project-i/execution-pullback/experiment/analyze.py", line 114, in main
    C.require_complete(frame, protocol, args.method, args.baseline)
  File "/home/rehan/workspaces/project-i/execution-pullback/experiment/contract.py", line 785, in require_complete
    raise ValueError(f"primary contrast {method} vs {baseline} not in the "
ValueError: primary contrast pullback vs endpoint not in the locked modes ['uniform', 'pullback']
[vertical] FAIL: analysis of the complete tiny result
VERTICAL_LOCAL_EXIT=1
